// Jest Snapshot v1, https://goo.gl/fbAQLP

exports[`App renders without crashing 1`] = `
<div
  className="App"
>
  <header
    className="App-header"
  >
    <Link
      replace={false}
      to="/"
    >
      <img
        alt="logo"
        src="./logo.svg"
      />
    </Link>
  </header>
  <main>
    <Switch>
      <Route
        component={[Function]}
        exact={true}
        path="/"
      />
      <Route
        component={[Function]}
        path="/stores"
      />
    </Switch>
  </main>
  <footer>
    Made with â™¥ by Edney Pitta
  </footer>
</div>
`;
